// Jest Snapshot v1, https://goo.gl/fbAQLP

exports[`debug 1`] = `
"<View>
  <Text>
    Is the banana fresh?
  </Text>
  <Text
    testID="bananaFresh"
  >
    not fresh
  </Text>
  <TextInput
    placeholder="Add custom freshness"
    testID="bananaCustomFreshness"
    value="Custom Freshie"
  />
  <TextInput
    defaultValue="What did you inspect?"
    placeholder="Who inspected freshness?"
    testID="bananaChef"
    value="I inspected freshie"
  />
  <TextInput
    defaultValue="What banana?"
  />
  <TextInput
    defaultValue="hello"
    value=""
  />
  <View
    accessibilityState={
      {
        "busy": undefined,
        "checked": undefined,
        "disabled": undefined,
        "expanded": undefined,
        "selected": undefined,
      }
    }
    accessibilityValue={
      {
        "max": undefined,
        "min": undefined,
        "now": undefined,
        "text": undefined,
      }
    }
    accessible={true}
    collapsable={false}
    focusable={true}
    onBlur={[Function onBlur]}
    onClick={[Function onClick]}
    onFocus={[Function onFocus]}
    onResponderGrant={[Function onResponderGrant]}
    onResponderMove={[Function onResponderMove]}
    onResponderRelease={[Function onResponderRelease]}
    onResponderTerminate={[Function onResponderTerminate]}
    onResponderTerminationRequest={[Function onResponderTerminationRequest]}
    onStartShouldSetResponder={[Function onStartShouldSetResponder]}
    role="button"
  >
    <Text>
      Change freshness!
    </Text>
  </View>
  <Text
    testID="duplicateText"
  >
    First Text
  </Text>
  <Text
    testID="duplicateText"
  >
    Second Text
  </Text>
  <Text>
    0
  </Text>
</View>"
`;

exports[`debug changing component: bananaFresh button message should now be "fresh" 1`] = `"ðŸ’  Test "debug changing component": using internal renderer"`;

exports[`debug should use debugOptions from config when no option is specified 1`] = `"ðŸ’  Test "debug should use debugOptions from config when no option is specified": using internal renderer"`;

exports[`debug should use given options over config debugOptions 1`] = `"ðŸ’  Test "debug should use given options over config debugOptions": using internal renderer"`;

exports[`debug with only children prop 1`] = `"ðŸ’  Test "debug with only children prop": using internal renderer"`;

exports[`debug with only prop whose value is bananaChef 1`] = `"ðŸ’  Test "debug with only prop whose value is bananaChef": using internal renderer"`;

exports[`debug with only props from TextInput components 1`] = `"ðŸ’  Test "debug with only props from TextInput components": using internal renderer"`;
